>>> matrix_divided = __import__("2-matrix_divided").matrix_divided


>>> matrix_divided([], 12.9)
Traceback (most recent call last):
TypeError: matrix must be a matrix (list of lists) of integers/floats


>>> matrix_divided([[1, 2], [1]], 1.0)
Traceback (most recent call last):
TypeError: Each row of the matrix must have the same size


>>> matrix_divided(["129"], 123)
Traceback (most recent call last):
TypeError: matrix must be a matrix (list of lists) of integers/floats


>>> matrix_divided([[""], [123]], 42)
Traceback (most recent call last):
TypeError: matrix must be a matrix (list of lists) of integers/floats

>>> matrix_divided([[1, 2], [3, 4]], 0)
Traceback (most recent call last):
ZeroDivisionError: division by zero
